
> server@1.0.0 dev
> nodemon index.js

[33m[nodemon] 3.1.14[39m
[33m[nodemon] to restart at any time, enter `rs`[39m
[33m[nodemon] watching path(s): *.*[39m
[33m[nodemon] watching extensions: js,mjs,cjs,json[39m
[32m[nodemon] starting `node index.js`[39m
◇ injected env (20) from .env // tip: ◈ encrypted .env [www.dotenvx.com]
2026-04-30 03:31:15 [[32minfo[39m]: Bull queues disabled - running without background job processing {"service":"giftkart-api"}
2026-04-30 03:31:16 [[32minfo[39m]: Redis is disabled - running without caching {"service":"giftkart-api"}
2026-04-30 03:31:16 [[32minfo[39m]: Socket.io initialized {"service":"giftkart-api"}
Server running on port 5001
2026-04-30 03:31:16 [[32minfo[39m]: Server started on port 5001 {"service":"giftkart-api"}
2026-04-30 03:31:16 [[33mwarn[39m]: Queues disabled, recurring jobs not scheduled {"service":"giftkart-api"}
2026-04-30 03:31:16 [[32minfo[39m]: Background jobs scheduled successfully {"service":"giftkart-api"}
MongoDB Connected
Database Name: giftKart
[32m[nodemon] restarting due to changes...[39m
[32m[nodemon] starting `node index.js`[39m
◇ injected env (20) from .env // tip: ⌁ auth for agents [www.vestauth.com]
2026-04-30 03:33:01 [[32minfo[39m]: Bull queues disabled - running without background job processing {"service":"giftkart-api"}
2026-04-30 03:33:02 [[32minfo[39m]: Redis is disabled - running without caching {"service":"giftkart-api"}
2026-04-30 03:33:02 [[32minfo[39m]: Socket.io initialized {"service":"giftkart-api"}
Server running on port 5001
2026-04-30 03:33:02 [[32minfo[39m]: Server started on port 5001 {"service":"giftkart-api"}
2026-04-30 03:33:02 [[33mwarn[39m]: Queues disabled, recurring jobs not scheduled {"service":"giftkart-api"}
2026-04-30 03:33:02 [[32minfo[39m]: Background jobs scheduled successfully {"service":"giftkart-api"}
MongoDB Connected
Database Name: giftKart
2026-04-30 03:34:16 [[32minfo[39m]: API Request {"service":"giftkart-api","method":"GET","url":"/me","status":200,"duration":"232ms","ip":"::1","userAgent":"Mozilla/5.0 (X11; Linux x86_64) AppleWebKit/537.36 (KHTML, like Gecko) Chrome/147.0.0.0 Safari/537.36"}
2026-04-30 03:34:17 [[32minfo[39m]: API Request {"service":"giftkart-api","method":"GET","url":"/me","status":304,"duration":"191ms","ip":"::1","userAgent":"Mozilla/5.0 (X11; Linux x86_64) AppleWebKit/537.36 (KHTML, like Gecko) Chrome/147.0.0.0 Safari/537.36"}
2026-04-30 03:34:17 [[32minfo[39m]: API Request {"service":"giftkart-api","method":"GET","url":"/seller","status":304,"duration":"507ms","ip":"::1","userAgent":"Mozilla/5.0 (X11; Linux x86_64) AppleWebKit/537.36 (KHTML, like Gecko) Chrome/147.0.0.0 Safari/537.36"}
2026-04-30 03:34:17 [[32minfo[39m]: API Request {"service":"giftkart-api","method":"GET","url":"/seller","status":304,"duration":"511ms","ip":"::1","userAgent":"Mozilla/5.0 (X11; Linux x86_64) AppleWebKit/537.36 (KHTML, like Gecko) Chrome/147.0.0.0 Safari/537.36"}
2026-04-30 03:34:54 [[32minfo[39m]: API Request {"service":"giftkart-api","method":"GET","url":"/me","status":304,"duration":"181ms","ip":"::1","userAgent":"Mozilla/5.0 (X11; Linux x86_64) AppleWebKit/537.36 (KHTML, like Gecko) Chrome/147.0.0.0 Safari/537.36"}
2026-04-30 03:34:55 [[32minfo[39m]: API Request {"service":"giftkart-api","method":"GET","url":"/me","status":304,"duration":"201ms","ip":"::1","userAgent":"Mozilla/5.0 (X11; Linux x86_64) AppleWebKit/537.36 (KHTML, like Gecko) Chrome/147.0.0.0 Safari/537.36"}
2026-04-30 03:34:55 [[32minfo[39m]: API Request {"service":"giftkart-api","method":"GET","url":"/seller","status":304,"duration":"510ms","ip":"::1","userAgent":"Mozilla/5.0 (X11; Linux x86_64) AppleWebKit/537.36 (KHTML, like Gecko) Chrome/147.0.0.0 Safari/537.36"}
2026-04-30 03:34:55 [[32minfo[39m]: API Request {"service":"giftkart-api","method":"GET","url":"/seller","status":304,"duration":"471ms","ip":"::1","userAgent":"Mozilla/5.0 (X11; Linux x86_64) AppleWebKit/537.36 (KHTML, like Gecko) Chrome/147.0.0.0 Safari/537.36"}
2026-04-30 03:35:57 [[32minfo[39m]: API Request {"service":"giftkart-api","method":"GET","url":"/seller","status":304,"duration":"2513ms","ip":"::1","userAgent":"Mozilla/5.0 (X11; Linux x86_64) AppleWebKit/537.36 (KHTML, like Gecko) Chrome/147.0.0.0 Safari/537.36"}
2026-04-30 03:36:06 [[32minfo[39m]: Queues disabled, nothing to close {"service":"giftkart-api"}
2026-04-30 03:36:06 [[32minfo[39m]: SIGTERM received, shutting down gracefully {"service":"giftkart-api"}
[32m[nodemon] clean exit - waiting for changes before restart[39m
[32m[nodemon] restarting due to changes...[39m
[32m[nodemon] starting `node index.js`[39m
◇ injected env (20) from .env // tip: ⌘ enable debugging { debug: true }
2026-04-30 03:59:18 [[32minfo[39m]: Bull queues disabled - running without background job processing {"service":"giftkart-api"}
2026-04-30 03:59:18 [[32minfo[39m]: Redis is disabled - running without caching {"service":"giftkart-api"}
/home/pineapple/Desktop/hackathon/giftkart/server/services/geminiService.js:427
    async vibeCodeGift(vibe) {
          ^^^^^^^^^^^^

SyntaxError: Unexpected identifier 'vibeCodeGift'
    at wrapSafe (node:internal/modules/cjs/loader:1637:18)
    at Module._compile (node:internal/modules/cjs/loader:1679:20)
    at Module._extensions..js (node:internal/modules/cjs/loader:1838:10)
    at Module.load (node:internal/modules/cjs/loader:1441:32)
    at Module._load (node:internal/modules/cjs/loader:1263:12)
    at TracingChannel.traceSync (node:diagnostics_channel:328:14)
    at wrapModuleLoad (node:internal/modules/cjs/loader:237:24)
    at Module.require (node:internal/modules/cjs/loader:1463:12)
    at require (node:internal/modules/helpers:147:16)
    at Object.<anonymous> (/home/pineapple/Desktop/hackathon/giftkart/server/services/ai/giftMindReader.js:7:23)

Node.js v22.22.1
[31m[nodemon] app crashed - waiting for file changes before starting...[39m
[32m[nodemon] restarting due to changes...[39m
[32m[nodemon] starting `node index.js`[39m
◇ injected env (20) from .env // tip: ⌘ custom filepath { path: '/custom/path/.env' }
2026-04-30 03:59:53 [[32minfo[39m]: Bull queues disabled - running without background job processing {"service":"giftkart-api"}
2026-04-30 03:59:54 [[32minfo[39m]: Redis is disabled - running without caching {"service":"giftkart-api"}
/home/pineapple/Desktop/hackathon/giftkart/server/services/geminiService.js:427
    async vibeCodeGift(vibe) {
          ^^^^^^^^^^^^

SyntaxError: Unexpected identifier 'vibeCodeGift'
    at wrapSafe (node:internal/modules/cjs/loader:1637:18)
    at Module._compile (node:internal/modules/cjs/loader:1679:20)
    at Module._extensions..js (node:internal/modules/cjs/loader:1838:10)
    at Module.load (node:internal/modules/cjs/loader:1441:32)
    at Module._load (node:internal/modules/cjs/loader:1263:12)
    at TracingChannel.traceSync (node:diagnostics_channel:328:14)
    at wrapModuleLoad (node:internal/modules/cjs/loader:237:24)
    at Module.require (node:internal/modules/cjs/loader:1463:12)
    at require (node:internal/modules/helpers:147:16)
    at Object.<anonymous> (/home/pineapple/Desktop/hackathon/giftkart/server/services/ai/giftMindReader.js:7:23)

Node.js v22.22.1
[31m[nodemon] app crashed - waiting for file changes before starting...[39m
[32m[nodemon] restarting due to changes...[39m
[32m[nodemon] starting `node index.js`[39m
◇ injected env (20) from .env // tip: ⌘ override existing { override: true }
2026-04-30 04:00:02 [[32minfo[39m]: Bull queues disabled - running without background job processing {"service":"giftkart-api"}
2026-04-30 04:00:03 [[32minfo[39m]: Redis is disabled - running without caching {"service":"giftkart-api"}
/home/pineapple/Desktop/hackathon/giftkart/server/services/geminiService.js:427
    async vibeCodeGift(vibe) {
          ^^^^^^^^^^^^

SyntaxError: Unexpected identifier 'vibeCodeGift'
    at wrapSafe (node:internal/modules/cjs/loader:1637:18)
    at Module._compile (node:internal/modules/cjs/loader:1679:20)
    at Module._extensions..js (node:internal/modules/cjs/loader:1838:10)
    at Module.load (node:internal/modules/cjs/loader:1441:32)
    at Module._load (node:internal/modules/cjs/loader:1263:12)
    at TracingChannel.traceSync (node:diagnostics_channel:328:14)
    at wrapModuleLoad (node:internal/modules/cjs/loader:237:24)
    at Module.require (node:internal/modules/cjs/loader:1463:12)
    at require (node:internal/modules/helpers:147:16)
    at Object.<anonymous> (/home/pineapple/Desktop/hackathon/giftkart/server/services/ai/giftMindReader.js:7:23)

Node.js v22.22.1
[31m[nodemon] app crashed - waiting for file changes before starting...[39m
[32m[nodemon] restarting due to changes...[39m
[32m[nodemon] starting `node index.js`[39m
◇ injected env (20) from .env // tip: ◈ encrypted .env [www.dotenvx.com]
2026-04-30 04:07:20 [[32minfo[39m]: Bull queues disabled - running without background job processing {"service":"giftkart-api"}
2026-04-30 04:07:21 [[32minfo[39m]: Redis is disabled - running without caching {"service":"giftkart-api"}
/home/pineapple/Desktop/hackathon/giftkart/server/services/geminiService.js:427
    async vibeCodeGift(vibe) {
          ^^^^^^^^^^^^

SyntaxError: Unexpected identifier 'vibeCodeGift'
    at wrapSafe (node:internal/modules/cjs/loader:1637:18)
    at Module._compile (node:internal/modules/cjs/loader:1679:20)
    at Module._extensions..js (node:internal/modules/cjs/loader:1838:10)
    at Module.load (node:internal/modules/cjs/loader:1441:32)
    at Module._load (node:internal/modules/cjs/loader:1263:12)
    at TracingChannel.traceSync (node:diagnostics_channel:328:14)
    at wrapModuleLoad (node:internal/modules/cjs/loader:237:24)
    at Module.require (node:internal/modules/cjs/loader:1463:12)
    at require (node:internal/modules/helpers:147:16)
    at Object.<anonymous> (/home/pineapple/Desktop/hackathon/giftkart/server/services/ai/giftMindReader.js:7:23)

Node.js v22.22.1
[31m[nodemon] app crashed - waiting for file changes before starting...[39m
[32m[nodemon] restarting due to changes...[39m
[32m[nodemon] starting `node index.js`[39m
◇ injected env (20) from .env // tip: ◈ encrypted .env [www.dotenvx.com]
2026-04-30 04:07:34 [[32minfo[39m]: Bull queues disabled - running without background job processing {"service":"giftkart-api"}
2026-04-30 04:07:34 [[32minfo[39m]: Redis is disabled - running without caching {"service":"giftkart-api"}
/home/pineapple/Desktop/hackathon/giftkart/server/services/geminiService.js:427
    async vibeCodeGift(vibe) {
          ^^^^^^^^^^^^

SyntaxError: Unexpected identifier 'vibeCodeGift'
    at wrapSafe (node:internal/modules/cjs/loader:1637:18)
    at Module._compile (node:internal/modules/cjs/loader:1679:20)
    at Module._extensions..js (node:internal/modules/cjs/loader:1838:10)
    at Module.load (node:internal/modules/cjs/loader:1441:32)
    at Module._load (node:internal/modules/cjs/loader:1263:12)
    at TracingChannel.traceSync (node:diagnostics_channel:328:14)
    at wrapModuleLoad (node:internal/modules/cjs/loader:237:24)
    at Module.require (node:internal/modules/cjs/loader:1463:12)
    at require (node:internal/modules/helpers:147:16)
    at Object.<anonymous> (/home/pineapple/Desktop/hackathon/giftkart/server/services/ai/giftMindReader.js:7:23)

Node.js v22.22.1
[31m[nodemon] app crashed - waiting for file changes before starting...[39m
[32m[nodemon] restarting due to changes...[39m
[32m[nodemon] starting `node index.js`[39m
◇ injected env (20) from .env // tip: ⌁ auth for agents [www.vestauth.com]
2026-04-30 04:07:41 [[32minfo[39m]: Bull queues disabled - running without background job processing {"service":"giftkart-api"}
2026-04-30 04:07:42 [[32minfo[39m]: Redis is disabled - running without caching {"service":"giftkart-api"}
/home/pineapple/Desktop/hackathon/giftkart/server/services/geminiService.js:427
    async vibeCodeGift(vibe) {
          ^^^^^^^^^^^^

SyntaxError: Unexpected identifier 'vibeCodeGift'
    at wrapSafe (node:internal/modules/cjs/loader:1637:18)
    at Module._compile (node:internal/modules/cjs/loader:1679:20)
    at Module._extensions..js (node:internal/modules/cjs/loader:1838:10)
    at Module.load (node:internal/modules/cjs/loader:1441:32)
    at Module._load (node:internal/modules/cjs/loader:1263:12)
    at TracingChannel.traceSync (node:diagnostics_channel:328:14)
    at wrapModuleLoad (node:internal/modules/cjs/loader:237:24)
    at Module.require (node:internal/modules/cjs/loader:1463:12)
    at require (node:internal/modules/helpers:147:16)
    at Object.<anonymous> (/home/pineapple/Desktop/hackathon/giftkart/server/services/ai/giftMindReader.js:7:23)

Node.js v22.22.1
[31m[nodemon] app crashed - waiting for file changes before starting...[39m
[32m[nodemon] restarting due to changes...[39m
[32m[nodemon] starting `node index.js`[39m
◇ injected env (20) from .env // tip: ◈ secrets for agents [www.dotenvx.com]
2026-04-30 04:07:49 [[32minfo[39m]: Bull queues disabled - running without background job processing {"service":"giftkart-api"}
2026-04-30 04:07:49 [[32minfo[39m]: Redis is disabled - running without caching {"service":"giftkart-api"}
/home/pineapple/Desktop/hackathon/giftkart/server/services/geminiService.js:427
    async vibeCodeGift(vibe) {
          ^^^^^^^^^^^^

SyntaxError: Unexpected identifier 'vibeCodeGift'
    at wrapSafe (node:internal/modules/cjs/loader:1637:18)
    at Module._compile (node:internal/modules/cjs/loader:1679:20)
    at Module._extensions..js (node:internal/modules/cjs/loader:1838:10)
    at Module.load (node:internal/modules/cjs/loader:1441:32)
    at Module._load (node:internal/modules/cjs/loader:1263:12)
    at TracingChannel.traceSync (node:diagnostics_channel:328:14)
    at wrapModuleLoad (node:internal/modules/cjs/loader:237:24)
    at Module.require (node:internal/modules/cjs/loader:1463:12)
    at require (node:internal/modules/helpers:147:16)
    at Object.<anonymous> (/home/pineapple/Desktop/hackathon/giftkart/server/services/ai/giftMindReader.js:7:23)

Node.js v22.22.1
[31m[nodemon] app crashed - waiting for file changes before starting...[39m
[32m[nodemon] restarting due to changes...[39m
[32m[nodemon] starting `node index.js`[39m
◇ injected env (20) from .env // tip: ◈ secrets for agents [www.dotenvx.com]
2026-04-30 04:08:46 [[32minfo[39m]: Bull queues disabled - running without background job processing {"service":"giftkart-api"}
2026-04-30 04:08:46 [[32minfo[39m]: Redis is disabled - running without caching {"service":"giftkart-api"}
/home/pineapple/Desktop/hackathon/giftkart/server/services/geminiService.js:427
    async vibeCodeGift(vibe) {
          ^^^^^^^^^^^^

SyntaxError: Unexpected identifier 'vibeCodeGift'
    at wrapSafe (node:internal/modules/cjs/loader:1637:18)
    at Module._compile (node:internal/modules/cjs/loader:1679:20)
    at Module._extensions..js (node:internal/modules/cjs/loader:1838:10)
    at Module.load (node:internal/modules/cjs/loader:1441:32)
    at Module._load (node:internal/modules/cjs/loader:1263:12)
    at TracingChannel.traceSync (node:diagnostics_channel:328:14)
    at wrapModuleLoad (node:internal/modules/cjs/loader:237:24)
    at Module.require (node:internal/modules/cjs/loader:1463:12)
    at require (node:internal/modules/helpers:147:16)
    at Object.<anonymous> (/home/pineapple/Desktop/hackathon/giftkart/server/services/ai/giftMindReader.js:7:23)

Node.js v22.22.1
[31m[nodemon] app crashed - waiting for file changes before starting...[39m
[32m[nodemon] restarting due to changes...[39m
[32m[nodemon] starting `node index.js`[39m
◇ injected env (20) from .env // tip: ⌁ auth for agents [www.vestauth.com]
2026-04-30 04:25:08 [[32minfo[39m]: Bull queues disabled - running without background job processing {"service":"giftkart-api"}
2026-04-30 04:25:09 [[32minfo[39m]: Redis is disabled - running without caching {"service":"giftkart-api"}
2026-04-30 04:25:10 [[32minfo[39m]: Socket.io initialized {"service":"giftkart-api"}
Server running on port 5001
2026-04-30 04:25:10 [[32minfo[39m]: Server started on port 5001 {"service":"giftkart-api"}
2026-04-30 04:25:10 [[33mwarn[39m]: Queues disabled, recurring jobs not scheduled {"service":"giftkart-api"}
2026-04-30 04:25:10 [[32minfo[39m]: Background jobs scheduled successfully {"service":"giftkart-api"}
MongoDB Connected
Database Name: giftKart
[31m[nodemon] app crashed - waiting for file changes before starting...[39m
