{"level":"info","message":"Socket.io initialized","timestamp":"2026-04-28 15:36:30"}
{"level":"info","message":"Server started on port 5000","timestamp":"2026-04-28 15:36:30"}
{"error":"","level":"error","message":"Redis client error","timestamp":"2026-04-28 15:36:31"}
{"level":"warn","message":"Redis client reconnecting","timestamp":"2026-04-28 15:36:31"}
{"error":"","level":"error","message":"Redis client error","timestamp":"2026-04-28 15:36:32"}
{"level":"warn","message":"Redis client reconnecting","timestamp":"2026-04-28 15:36:32"}
{"error":"","level":"error","message":"Redis client error","timestamp":"2026-04-28 15:36:32"}
{"level":"warn","message":"Redis client reconnecting","timestamp":"2026-04-28 15:36:32"}
{"error":"","level":"error","message":"Redis client error","timestamp":"2026-04-28 15:36:32"}
{"level":"warn","message":"Redis client reconnecting","timestamp":"2026-04-28 15:36:33"}
{"error":"","level":"error","message":"Redis client error","timestamp":"2026-04-28 15:36:33"}
{"level":"warn","message":"Redis client reconnecting","timestamp":"2026-04-28 15:36:33"}
{"error":"","level":"error","message":"Redis client error","timestamp":"2026-04-28 15:36:33"}
{"level":"warn","message":"Redis client reconnecting","timestamp":"2026-04-28 15:36:35"}
{"error":"","level":"error","message":"Redis client error","timestamp":"2026-04-28 15:36:35"}
{"level":"warn","message":"Redis client reconnecting","timestamp":"2026-04-28 15:36:37"}
{"error":"","level":"error","message":"Redis client error","timestamp":"2026-04-28 15:36:37"}
{"level":"warn","message":"Redis client reconnecting","timestamp":"2026-04-28 15:36:39"}
{"error":"","level":"error","message":"Redis client error","timestamp":"2026-04-28 15:36:39"}
{"level":"warn","message":"Redis client reconnecting","timestamp":"2026-04-28 15:36:42"}
{"error":"","level":"error","message":"Redis client error","timestamp":"2026-04-28 15:36:42"}
{"level":"warn","message":"Redis client reconnecting","timestamp":"2026-04-28 15:36:44"}
{"error":"","level":"error","message":"Redis client error","timestamp":"2026-04-28 15:36:44"}
{"level":"warn","message":"Redis client reconnecting","timestamp":"2026-04-28 15:36:46"}
{"error":"","level":"error","message":"Redis client error","timestamp":"2026-04-28 15:36:46"}
{"level":"warn","message":"Redis client reconnecting","timestamp":"2026-04-28 15:36:48"}
{"error":"","level":"error","message":"Redis client error","timestamp":"2026-04-28 15:36:48"}
{"level":"warn","message":"Redis client reconnecting","timestamp":"2026-04-28 15:36:50"}
{"error":"","level":"error","message":"Redis client error","timestamp":"2026-04-28 15:36:50"}
{"level":"warn","message":"Redis client reconnecting","timestamp":"2026-04-28 15:36:52"}
{"error":"","level":"error","message":"Redis client error","timestamp":"2026-04-28 15:36:52"}
{"level":"warn","message":"Redis client reconnecting","timestamp":"2026-04-28 15:36:54"}
{"error":"","level":"error","message":"Redis client error","timestamp":"2026-04-28 15:36:54"}
{"level":"warn","message":"Redis client reconnecting","timestamp":"2026-04-28 15:36:57"}
{"error":"","level":"error","message":"Redis client error","timestamp":"2026-04-28 15:36:57"}
{"level":"warn","message":"Redis client reconnecting","timestamp":"2026-04-28 15:36:59"}
{"error":"","level":"error","message":"Redis client error","timestamp":"2026-04-28 15:36:59"}
{"level":"warn","message":"Redis client reconnecting","timestamp":"2026-04-28 15:37:01"}
{"error":"","level":"error","message":"Redis client error","timestamp":"2026-04-28 15:37:01"}
{"level":"warn","message":"Redis client reconnecting","timestamp":"2026-04-28 15:37:03"}
{"error":"","level":"error","message":"Redis client error","timestamp":"2026-04-28 15:37:03"}
{"level":"warn","message":"Redis client reconnecting","timestamp":"2026-04-28 15:37:05"}
{"error":"","level":"error","message":"Redis client error","timestamp":"2026-04-28 15:37:05"}
{"level":"warn","message":"Redis client reconnecting","timestamp":"2026-04-28 15:37:07"}
{"error":"","level":"error","message":"Redis client error","timestamp":"2026-04-28 15:37:07"}
{"level":"warn","message":"Redis client reconnecting","timestamp":"2026-04-28 15:37:09"}
{"error":"","level":"error","message":"Redis client error","timestamp":"2026-04-28 15:37:09"}
{"level":"warn","message":"Redis client reconnecting","timestamp":"2026-04-28 15:37:11"}
{"error":"","level":"error","message":"Redis client error","timestamp":"2026-04-28 15:37:11"}
{"level":"warn","message":"Redis client reconnecting","timestamp":"2026-04-28 15:37:13"}
{"error":"","level":"error","message":"Redis client error","timestamp":"2026-04-28 15:37:13"}
{"level":"warn","message":"Redis client reconnecting","timestamp":"2026-04-28 15:37:15"}
{"error":"","level":"error","message":"Redis client error","timestamp":"2026-04-28 15:37:15"}
{"level":"warn","message":"Redis client reconnecting","timestamp":"2026-04-28 15:37:17"}
{"error":"","level":"error","message":"Redis client error","timestamp":"2026-04-28 15:37:17"}
{"level":"warn","message":"Redis client reconnecting","timestamp":"2026-04-28 15:37:20"}
{"error":"","level":"error","message":"Redis client error","timestamp":"2026-04-28 15:37:20"}
{"level":"warn","message":"Redis client reconnecting","timestamp":"2026-04-28 15:37:22"}
{"error":"","level":"error","message":"Redis client error","timestamp":"2026-04-28 15:37:22"}
{"level":"warn","message":"Redis client reconnecting","timestamp":"2026-04-28 15:37:24"}
{"error":"","level":"error","message":"Redis client error","timestamp":"2026-04-28 15:37:24"}
{"level":"warn","message":"Redis client reconnecting","timestamp":"2026-04-28 15:37:26"}
{"error":"","level":"error","message":"Redis client error","timestamp":"2026-04-28 15:37:26"}
{"level":"warn","message":"Redis client reconnecting","timestamp":"2026-04-28 15:37:28"}
{"error":"","level":"error","message":"Redis client error","timestamp":"2026-04-28 15:37:28"}
{"level":"warn","message":"Redis client reconnecting","timestamp":"2026-04-28 15:37:30"}
{"error":"","level":"error","message":"Redis client error","timestamp":"2026-04-28 15:37:30"}
{"level":"warn","message":"Redis client reconnecting","timestamp":"2026-04-28 15:37:33"}
{"error":"","level":"error","message":"Redis client error","timestamp":"2026-04-28 15:37:33"}
{"level":"warn","message":"Redis client reconnecting","timestamp":"2026-04-28 15:37:35"}
{"error":"","level":"error","message":"Redis client error","timestamp":"2026-04-28 15:37:35"}
{"level":"warn","message":"Redis client reconnecting","timestamp":"2026-04-28 15:37:37"}
{"error":"","level":"error","message":"Redis client error","timestamp":"2026-04-28 15:37:37"}
{"level":"warn","message":"Redis client reconnecting","timestamp":"2026-04-28 15:37:39"}
{"error":"","level":"error","message":"Redis client error","timestamp":"2026-04-28 15:37:39"}
{"level":"warn","message":"Redis client reconnecting","timestamp":"2026-04-28 15:37:41"}
{"error":"","level":"error","message":"Redis client error","timestamp":"2026-04-28 15:37:41"}
{"level":"warn","message":"Redis client reconnecting","timestamp":"2026-04-28 15:37:43"}
{"error":"","level":"error","message":"Redis client error","timestamp":"2026-04-28 15:37:43"}
{"level":"warn","message":"Redis client reconnecting","timestamp":"2026-04-28 15:37:46"}
{"error":"","level":"error","message":"Redis client error","timestamp":"2026-04-28 15:37:46"}
{"level":"warn","message":"Redis client reconnecting","timestamp":"2026-04-28 15:37:48"}
{"error":"","level":"error","message":"Redis client error","timestamp":"2026-04-28 15:37:48"}
{"level":"warn","message":"Redis client reconnecting","timestamp":"2026-04-28 15:37:50"}
{"error":"","level":"error","message":"Redis client error","timestamp":"2026-04-28 15:37:50"}
{"level":"warn","message":"Redis client reconnecting","timestamp":"2026-04-28 15:37:52"}
{"error":"","level":"error","message":"Redis client error","timestamp":"2026-04-28 15:37:52"}
{"level":"warn","message":"Redis client reconnecting","timestamp":"2026-04-28 15:37:54"}
{"error":"","level":"error","message":"Redis client error","timestamp":"2026-04-28 15:37:54"}
{"level":"warn","message":"Redis client reconnecting","timestamp":"2026-04-28 15:37:56"}
{"error":"","level":"error","message":"Redis client error","timestamp":"2026-04-28 15:37:56"}
{"level":"warn","message":"Redis client reconnecting","timestamp":"2026-04-28 15:37:58"}
{"error":"","level":"error","message":"Redis client error","timestamp":"2026-04-28 15:37:58"}
{"level":"warn","message":"Redis client reconnecting","timestamp":"2026-04-28 15:38:01"}
{"error":"","level":"error","message":"Redis client error","timestamp":"2026-04-28 15:38:01"}
{"level":"warn","message":"Redis client reconnecting","timestamp":"2026-04-28 15:38:03"}
{"error":"","level":"error","message":"Redis client error","timestamp":"2026-04-28 15:38:03"}
{"level":"warn","message":"Redis client reconnecting","timestamp":"2026-04-28 15:38:05"}
{"error":"","level":"error","message":"Redis client error","timestamp":"2026-04-28 15:38:05"}
{"level":"warn","message":"Redis client reconnecting","timestamp":"2026-04-28 15:38:07"}
{"error":"","level":"error","message":"Redis client error","timestamp":"2026-04-28 15:38:07"}
{"level":"warn","message":"Redis client reconnecting","timestamp":"2026-04-28 15:38:09"}
{"error":"","level":"error","message":"Redis client error","timestamp":"2026-04-28 15:38:09"}
{"level":"warn","message":"Redis client reconnecting","timestamp":"2026-04-28 15:38:11"}
{"error":"","level":"error","message":"Redis client error","timestamp":"2026-04-28 15:38:11"}
{"level":"warn","message":"Redis client reconnecting","timestamp":"2026-04-28 15:38:13"}
{"error":"","level":"error","message":"Redis client error","timestamp":"2026-04-28 15:38:13"}
{"level":"warn","message":"Redis client reconnecting","timestamp":"2026-04-28 15:38:16"}
{"error":"","level":"error","message":"Redis client error","timestamp":"2026-04-28 15:38:16"}
{"level":"warn","message":"Redis client reconnecting","timestamp":"2026-04-28 15:38:18"}
{"error":"","level":"error","message":"Redis client error","timestamp":"2026-04-28 15:38:18"}
{"level":"warn","message":"Redis client reconnecting","timestamp":"2026-04-28 15:38:20"}
{"error":"","level":"error","message":"Redis client error","timestamp":"2026-04-28 15:38:20"}
{"level":"warn","message":"Redis client reconnecting","timestamp":"2026-04-28 15:38:22"}
{"error":"","level":"error","message":"Redis client error","timestamp":"2026-04-28 15:38:22"}
{"level":"warn","message":"Redis client reconnecting","timestamp":"2026-04-28 15:38:24"}
{"error":"","level":"error","message":"Redis client error","timestamp":"2026-04-28 15:38:24"}
{"level":"warn","message":"Redis client reconnecting","timestamp":"2026-04-28 15:38:26"}
{"error":"","level":"error","message":"Redis client error","timestamp":"2026-04-28 15:38:26"}
{"level":"warn","message":"Redis client reconnecting","timestamp":"2026-04-28 15:38:28"}
{"error":"","level":"error","message":"Redis client error","timestamp":"2026-04-28 15:38:28"}
{"level":"warn","message":"Redis client reconnecting","timestamp":"2026-04-28 15:38:30"}
{"error":"","level":"error","message":"Redis client error","timestamp":"2026-04-28 15:38:30"}
{"level":"warn","message":"Redis client reconnecting","timestamp":"2026-04-28 15:38:32"}
{"error":"","level":"error","message":"Redis client error","timestamp":"2026-04-28 15:38:32"}
{"level":"warn","message":"Redis client reconnecting","timestamp":"2026-04-28 15:38:35"}
{"error":"","level":"error","message":"Redis client error","timestamp":"2026-04-28 15:38:35"}
{"level":"warn","message":"Redis client reconnecting","timestamp":"2026-04-28 15:38:38"}
{"error":"","level":"error","message":"Redis client error","timestamp":"2026-04-28 15:38:38"}
{"level":"warn","message":"Redis client reconnecting","timestamp":"2026-04-28 15:38:41"}
{"error":"","level":"error","message":"Redis client error","timestamp":"2026-04-28 15:38:41"}
{"level":"warn","message":"Redis client reconnecting","timestamp":"2026-04-28 15:38:43"}
{"error":"","level":"error","message":"Redis client error","timestamp":"2026-04-28 15:38:43"}
{"level":"warn","message":"Redis client reconnecting","timestamp":"2026-04-28 15:38:46"}
{"error":"","level":"error","message":"Redis client error","timestamp":"2026-04-28 15:38:46"}
{"level":"warn","message":"Redis client reconnecting","timestamp":"2026-04-28 15:38:48"}
{"error":"","level":"error","message":"Redis client error","timestamp":"2026-04-28 15:38:48"}
{"level":"warn","message":"Redis client reconnecting","timestamp":"2026-04-28 15:38:50"}
{"error":"","level":"error","message":"Redis client error","timestamp":"2026-04-28 15:38:50"}
{"level":"warn","message":"Redis client reconnecting","timestamp":"2026-04-28 15:38:53"}
{"error":"","level":"error","message":"Redis client error","timestamp":"2026-04-28 15:38:53"}
{"level":"warn","message":"Redis client reconnecting","timestamp":"2026-04-28 15:38:55"}
{"error":"","level":"error","message":"Redis client error","timestamp":"2026-04-28 15:38:55"}
{"level":"warn","message":"Redis client reconnecting","timestamp":"2026-04-28 15:38:57"}
{"error":"","level":"error","message":"Redis client error","timestamp":"2026-04-28 15:38:57"}
{"level":"warn","message":"Redis client reconnecting","timestamp":"2026-04-28 15:38:59"}
{"error":"","level":"error","message":"Redis client error","timestamp":"2026-04-28 15:38:59"}
{"level":"warn","message":"Redis client reconnecting","timestamp":"2026-04-28 15:39:01"}
{"error":"","level":"error","message":"Redis client error","timestamp":"2026-04-28 15:39:01"}
{"level":"warn","message":"Redis client reconnecting","timestamp":"2026-04-28 15:39:04"}
{"error":"","level":"error","message":"Redis client error","timestamp":"2026-04-28 15:39:04"}
{"level":"warn","message":"Redis client reconnecting","timestamp":"2026-04-28 15:39:06"}
{"error":"","level":"error","message":"Redis client error","timestamp":"2026-04-28 15:39:06"}
{"level":"warn","message":"Redis client reconnecting","timestamp":"2026-04-28 15:39:08"}
{"error":"","level":"error","message":"Redis client error","timestamp":"2026-04-28 15:39:08"}
{"level":"warn","message":"Redis client reconnecting","timestamp":"2026-04-28 15:39:10"}
{"error":"","level":"error","message":"Redis client error","timestamp":"2026-04-28 15:39:10"}
{"level":"warn","message":"Redis client reconnecting","timestamp":"2026-04-28 15:39:13"}
{"error":"","level":"error","message":"Redis client error","timestamp":"2026-04-28 15:39:13"}
{"level":"warn","message":"Redis client reconnecting","timestamp":"2026-04-28 15:39:15"}
{"error":"","level":"error","message":"Redis client error","timestamp":"2026-04-28 15:39:15"}
{"level":"warn","message":"Redis client reconnecting","timestamp":"2026-04-28 15:39:17"}
{"error":"","level":"error","message":"Redis client error","timestamp":"2026-04-28 15:39:17"}
{"level":"warn","message":"Redis client reconnecting","timestamp":"2026-04-28 15:39:20"}
{"error":"","level":"error","message":"Redis client error","timestamp":"2026-04-28 15:39:20"}
{"level":"warn","message":"Redis client reconnecting","timestamp":"2026-04-28 15:39:22"}
{"error":"","level":"error","message":"Redis client error","timestamp":"2026-04-28 15:39:22"}
{"level":"warn","message":"Redis client reconnecting","timestamp":"2026-04-28 15:39:24"}
{"error":"","level":"error","message":"Redis client error","timestamp":"2026-04-28 15:39:24"}
{"level":"warn","message":"Redis client reconnecting","timestamp":"2026-04-28 15:39:26"}
{"error":"","level":"error","message":"Redis client error","timestamp":"2026-04-28 15:39:26"}
{"level":"warn","message":"Redis client reconnecting","timestamp":"2026-04-28 15:39:28"}
{"error":"","level":"error","message":"Redis client error","timestamp":"2026-04-28 15:39:28"}
{"level":"warn","message":"Redis client reconnecting","timestamp":"2026-04-28 15:39:30"}
{"error":"","level":"error","message":"Redis client error","timestamp":"2026-04-28 15:39:30"}
{"level":"warn","message":"Redis client reconnecting","timestamp":"2026-04-28 15:39:32"}
{"error":"","level":"error","message":"Redis client error","timestamp":"2026-04-28 15:39:32"}
{"level":"warn","message":"Redis client reconnecting","timestamp":"2026-04-28 15:39:34"}
{"error":"","level":"error","message":"Redis client error","timestamp":"2026-04-28 15:39:34"}
{"level":"warn","message":"Redis client reconnecting","timestamp":"2026-04-28 15:39:37"}
{"error":"","level":"error","message":"Redis client error","timestamp":"2026-04-28 15:39:37"}
{"level":"warn","message":"Redis client reconnecting","timestamp":"2026-04-28 15:39:39"}
{"error":"","level":"error","message":"Redis client error","timestamp":"2026-04-28 15:39:39"}
{"level":"warn","message":"Redis client reconnecting","timestamp":"2026-04-28 15:39:41"}
{"error":"","level":"error","message":"Redis client error","timestamp":"2026-04-28 15:39:41"}
{"level":"warn","message":"Redis client reconnecting","timestamp":"2026-04-28 15:39:43"}
{"error":"","level":"error","message":"Redis client error","timestamp":"2026-04-28 15:39:43"}
{"level":"warn","message":"Redis client reconnecting","timestamp":"2026-04-28 15:39:45"}
{"error":"","level":"error","message":"Redis client error","timestamp":"2026-04-28 15:39:45"}
{"level":"warn","message":"Redis client reconnecting","timestamp":"2026-04-28 15:39:47"}
{"error":"","level":"error","message":"Redis client error","timestamp":"2026-04-28 15:39:47"}
{"level":"warn","message":"Redis client reconnecting","timestamp":"2026-04-28 15:39:49"}
{"error":"","level":"error","message":"Redis client error","timestamp":"2026-04-28 15:39:49"}
{"level":"warn","message":"Redis client reconnecting","timestamp":"2026-04-28 15:39:51"}
{"error":"","level":"error","message":"Redis client error","timestamp":"2026-04-28 15:39:51"}
{"level":"warn","message":"Redis client reconnecting","timestamp":"2026-04-28 15:39:53"}
{"error":"","level":"error","message":"Redis client error","timestamp":"2026-04-28 15:39:54"}
{"level":"warn","message":"Redis client reconnecting","timestamp":"2026-04-28 15:39:56"}
{"error":"","level":"error","message":"Redis client error","timestamp":"2026-04-28 15:39:56"}
{"level":"info","message":"Redis is disabled - running without caching","timestamp":"2026-04-28 15:40:14"}
{"level":"info","message":"Socket.io initialized","timestamp":"2026-04-28 15:40:15"}
{"level":"info","message":"Server started on port 5000","timestamp":"2026-04-28 15:40:16"}
{"error":"Reached the max retries per request limit (which is 20). Refer to \"maxRetriesPerRequest\" option for details.","level":"error","message":"Error scheduling background jobs","timestamp":"2026-04-28 15:44:09"}
{"level":"info","message":"Bull queues disabled - running without background job processing","timestamp":"2026-04-28 15:49:16"}
{"level":"info","message":"Redis is disabled - running without caching","timestamp":"2026-04-28 15:49:23"}
{"level":"info","message":"Socket.io initialized","timestamp":"2026-04-28 15:49:34"}
{"level":"info","message":"Server started on port 5000","timestamp":"2026-04-28 15:49:34"}
{"level":"warn","message":"Queues disabled, recurring jobs not scheduled","timestamp":"2026-04-28 15:49:34"}
{"level":"info","message":"Background jobs scheduled successfully","timestamp":"2026-04-28 15:49:34"}
{"level":"info","message":"Bull queues disabled - running without background job processing","timestamp":"2026-04-28 15:50:51"}
{"level":"info","message":"Redis is disabled - running without caching","timestamp":"2026-04-28 15:50:52"}
{"level":"info","message":"Socket.io initialized","timestamp":"2026-04-28 15:50:53"}
{"level":"info","message":"Server started on port 5000","timestamp":"2026-04-28 15:50:53"}
{"level":"warn","message":"Queues disabled, recurring jobs not scheduled","timestamp":"2026-04-28 15:50:53"}
{"level":"info","message":"Background jobs scheduled successfully","timestamp":"2026-04-28 15:50:53"}
{"level":"info","message":"Bull queues disabled - running without background job processing","timestamp":"2026-04-28 16:08:45"}
{"level":"info","message":"Redis is disabled - running without caching","timestamp":"2026-04-28 16:08:46"}
{"level":"info","message":"Socket.io initialized","timestamp":"2026-04-28 16:08:47"}
{"level":"info","message":"Server started on port 5000","timestamp":"2026-04-28 16:08:47"}
{"level":"warn","message":"Queues disabled, recurring jobs not scheduled","timestamp":"2026-04-28 16:08:47"}
{"level":"info","message":"Background jobs scheduled successfully","timestamp":"2026-04-28 16:08:47"}
{"level":"info","message":"Bull queues disabled - running without background job processing","timestamp":"2026-04-28 16:16:16"}
{"level":"info","message":"Redis is disabled - running without caching","timestamp":"2026-04-28 16:16:17"}
{"level":"info","message":"Socket.io initialized","timestamp":"2026-04-28 16:16:18"}
{"level":"info","message":"Server started on port 5000","timestamp":"2026-04-28 16:16:18"}
{"level":"warn","message":"Queues disabled, recurring jobs not scheduled","timestamp":"2026-04-28 16:16:18"}
{"level":"info","message":"Background jobs scheduled successfully","timestamp":"2026-04-28 16:16:18"}
{"level":"info","message":"Bull queues disabled - running without background job processing","timestamp":"2026-04-28 17:09:09"}
{"level":"info","message":"Redis is disabled - running without caching","timestamp":"2026-04-28 17:09:09"}
{"level":"info","message":"Socket.io initialized","timestamp":"2026-04-28 17:09:10"}
{"level":"info","message":"Server started on port 5000","timestamp":"2026-04-28 17:09:10"}
{"level":"warn","message":"Queues disabled, recurring jobs not scheduled","timestamp":"2026-04-28 17:09:10"}
{"level":"info","message":"Background jobs scheduled successfully","timestamp":"2026-04-28 17:09:10"}
{"level":"info","message":"Bull queues disabled - running without background job processing","timestamp":"2026-04-28 17:40:05"}
{"level":"info","message":"Redis is disabled - running without caching","timestamp":"2026-04-28 17:40:32"}
{"level":"info","message":"Socket.io initialized","timestamp":"2026-04-28 17:41:09"}
{"level":"info","message":"Server started on port 5000","timestamp":"2026-04-28 17:41:09"}
{"level":"warn","message":"Queues disabled, recurring jobs not scheduled","timestamp":"2026-04-28 17:41:09"}
{"level":"info","message":"Background jobs scheduled successfully","timestamp":"2026-04-28 17:41:09"}
